.venv\Scripts\python : 
Creating test database 
for alias 'default'...
At line:1 char:1
+ .venv\Scripts\python 
manage.py test > 
test_output.log 2>&1
+ ~~~~~~~~~~~~~~~~~~~~~~~~
~~~~~~~~~~~~~~~~~~~~~~~~~~
~~~~~~~~
    + CategoryInfo        
      : NotSpecified: (C  
  reating test d...as '   
 default'...:String) [    
], RemoteException
    + FullyQualifiedError 
   Id : NativeCommandErr  
  or
 

System check identified 
some issues:

WARNINGS:
core.CryptoLog: 
(models.W042) 
Auto-created primary key 
used when not defining a 
primary key type, by 
default 'django.db.models.
AutoField'.
	HINT: Configure the 
DEFAULT_AUTO_FIELD 
setting or the CoreConfig.
default_auto_field 
attribute to point to a 
subclass of AutoField, 
e.g. 'django.db.models.Big
AutoField'.
core.DecryptionVerificatio
n: (models.W042) 
Auto-created primary key 
used when not defining a 
primary key type, by 
default 'django.db.models.
AutoField'.
	HINT: Configure the 
DEFAULT_AUTO_FIELD 
setting or the CoreConfig.
default_auto_field 
attribute to point to a 
subclass of AutoField, 
e.g. 'django.db.models.Big
AutoField'.
core.UserDeviceSession: 
(models.W042) 
Auto-created primary key 
used when not defining a 
primary key type, by 
default 'django.db.models.
AutoField'.
	HINT: Configure the 
DEFAULT_AUTO_FIELD 
setting or the CoreConfig.
default_auto_field 
attribute to point to a 
subclass of AutoField, 
e.g. 'django.db.models.Big
AutoField'.
core.UserProfile: 
(models.W042) 
Auto-created primary key 
used when not defining a 
primary key type, by 
default 'django.db.models.
AutoField'.
	HINT: Configure the 
DEFAULT_AUTO_FIELD 
setting or the CoreConfig.
default_auto_field 
attribute to point to a 
subclass of AutoField, 
e.g. 'django.db.models.Big
AutoField'.

System check identified 4 
issues (0 silenced).
..............E..
==========================
==========================
==================
ERROR: test_security_cente
r_score (core.tests.ViewsT
estCase.test_security_cent
er_score)
--------------------------
--------------------------
------------------
Traceback (most recent 
call last):
  File "D:\Projects\Python
\CryptoText\core\tests.py"
, line 389, in 
test_security_center_score
    response2 = self.clien
t.get(reverse('security_ce
nter'))
                ^^^^^^^^^^
^^^^^^^^^^^^^^^^^^^^^^^^^^
^^^^^^^
  File "D:\Projects\Python
\CryptoText\.venv\Lib\site
-packages\django\test\clie
nt.py", line 1127, in get
    response = 
super().get(
               
^^^^^^^^^^^^
  File "D:\Projects\Python
\CryptoText\.venv\Lib\site
-packages\django\test\clie
nt.py", line 475, in get
    return self.generic(
           ^^^^^^^^^^^^^
  File "D:\Projects\Python
\CryptoText\.venv\Lib\site
-packages\django\test\clie
nt.py", line 671, in 
generic
    return 
self.request(**r)
           
^^^^^^^^^^^^^^^^^
  File "D:\Projects\Python
\CryptoText\.venv\Lib\site
-packages\django\test\clie
nt.py", line 1090, in 
request
    self.check_exception(r
esponse)
  File "D:\Projects\Python
\CryptoText\.venv\Lib\site
-packages\django\test\clie
nt.py", line 805, in 
check_exception
    raise exc_value
  File "D:\Projects\Python
\CryptoText\.venv\Lib\site
-packages\django\core\hand
lers\exception.py", line 
55, in inner
    response = 
get_response(request)
               
^^^^^^^^^^^^^^^^^^^^^
  File "D:\Projects\Python
\CryptoText\.venv\Lib\site
-packages\django\core\hand
lers\base.py", line 220, 
in _get_response
    response = 
response.render()
               
^^^^^^^^^^^^^^^^^
  File "D:\Projects\Python
\CryptoText\.venv\Lib\site
-packages\django\template\
response.py", line 114, 
in render
    self.content = 
self.rendered_content
                   
^^^^^^^^^^^^^^^^^^^^^
  File "D:\Projects\Python
\CryptoText\.venv\Lib\site
-packages\django\template\
response.py", line 92, in 
rendered_content
    return 
template.render(context, 
self._request)
           ^^^^^^^^^^^^^^^
^^^^^^^^^^^^^^^^^^^^^^^^
  File "D:\Projects\Python
\CryptoText\.venv\Lib\site
-packages\django\template\
backends\django.py", line 
107, in render
    return self.template.r
ender(context)
           ^^^^^^^^^^^^^^^
^^^^^^^^^^^^^^
  File "D:\Projects\Python
\CryptoText\.venv\Lib\site
-packages\django\template\
base.py", line 172, in 
render
    return 
self._render(context)
           
^^^^^^^^^^^^^^^^^^^^^
  File "D:\Projects\Python
\CryptoText\.venv\Lib\site
-packages\django\test\util
s.py", line 114, in 
instrumented_test_render
    return self.nodelist.r
ender(context)
           ^^^^^^^^^^^^^^^
^^^^^^^^^^^^^^
  File "D:\Projects\Python
\CryptoText\.venv\Lib\site
-packages\django\template\
base.py", line 1018, in 
render
    return SafeString("".j
oin([node.render_annotated
(context) for node in 
self]))
                          
    ^^^^^^^^^^^^^^^^^^^^^^
^^^^^^^^^^^^^^^^^^^^^^^^^^
^
  File "D:\Projects\Python
\CryptoText\.venv\Lib\site
-packages\django\template\
base.py", line 1018, in 
<listcomp>
    return SafeString("".j
oin([node.render_annotated
(context) for node in 
self]))
                          
     ^^^^^^^^^^^^^^^^^^^^^
^^^^^^^^^
  File "D:\Projects\Python
\CryptoText\.venv\Lib\site
-packages\django\template\
base.py", line 979, in 
render_annotated
    return 
self.render(context)
           
^^^^^^^^^^^^^^^^^^^^
  File "D:\Projects\Python
\CryptoText\.venv\Lib\site
-packages\django\template\
loader_tags.py", line 
159, in render
    return compiled_parent
._render(context)
           ^^^^^^^^^^^^^^^
^^^^^^^^^^^^^^^^^
  File "D:\Projects\Python
\CryptoText\.venv\Lib\site
-packages\django\test\util
s.py", line 114, in 
instrumented_test_render
    return self.nodelist.r
ender(context)
           ^^^^^^^^^^^^^^^
^^^^^^^^^^^^^^
  File "D:\Projects\Python
\CryptoText\.venv\Lib\site
-packages\django\template\
base.py", line 1018, in 
render
    return SafeString("".j
oin([node.render_annotated
(context) for node in 
self]))
                          
    ^^^^^^^^^^^^^^^^^^^^^^
^^^^^^^^^^^^^^^^^^^^^^^^^^
^
  File "D:\Projects\Python
\CryptoText\.venv\Lib\site
-packages\django\template\
base.py", line 1018, in 
<listcomp>
    return SafeString("".j
oin([node.render_annotated
(context) for node in 
self]))
                          
     ^^^^^^^^^^^^^^^^^^^^^
^^^^^^^^^
  File "D:\Projects\Python
\CryptoText\.venv\Lib\site
-packages\django\template\
base.py", line 979, in 
render_annotated
    return 
self.render(context)
           
^^^^^^^^^^^^^^^^^^^^
  File "D:\Projects\Python
\CryptoText\.venv\Lib\site
-packages\django\template\
loader_tags.py", line 65, 
in render
    result = block.nodelis
t.render(context)
             ^^^^^^^^^^^^^
^^^^^^^^^^^^^^^^^
  File "D:\Projects\Python
\CryptoText\.venv\Lib\site
-packages\django\template\
base.py", line 1018, in 
render
    return SafeString("".j
oin([node.render_annotated
(context) for node in 
self]))
                          
    ^^^^^^^^^^^^^^^^^^^^^^
^^^^^^^^^^^^^^^^^^^^^^^^^^
^
  File "D:\Projects\Python
\CryptoText\.venv\Lib\site
-packages\django\template\
base.py", line 1018, in 
<listcomp>
    return SafeString("".j
oin([node.render_annotated
(context) for node in 
self]))
                          
     ^^^^^^^^^^^^^^^^^^^^^
^^^^^^^^^
  File "D:\Projects\Python
\CryptoText\.venv\Lib\site
-packages\django\template\
base.py", line 979, in 
render_annotated
    return 
self.render(context)
           
^^^^^^^^^^^^^^^^^^^^
  File "D:\Projects\Python
\CryptoText\.venv\Lib\site
-packages\django\template\
defaulttags.py", line 
327, in render
    return 
nodelist.render(context)
           
^^^^^^^^^^^^^^^^^^^^^^^^
  File "D:\Projects\Python
\CryptoText\.venv\Lib\site
-packages\django\template\
base.py", line 1018, in 
render
    return SafeString("".j
oin([node.render_annotated
(context) for node in 
self]))
                          
    ^^^^^^^^^^^^^^^^^^^^^^
^^^^^^^^^^^^^^^^^^^^^^^^^^
^
  File "D:\Projects\Python
\CryptoText\.venv\Lib\site
-packages\django\template\
base.py", line 1018, in 
<listcomp>
    return SafeString("".j
oin([node.render_annotated
(context) for node in 
self]))
                          
     ^^^^^^^^^^^^^^^^^^^^^
^^^^^^^^^
  File "D:\Projects\Python
\CryptoText\.venv\Lib\site
-packages\django\template\
base.py", line 979, in 
render_annotated
    return 
self.render(context)
           
^^^^^^^^^^^^^^^^^^^^
  File "D:\Projects\Python
\CryptoText\.venv\Lib\site
-packages\django\template\
defaulttags.py", line 
480, in render
    url = 
reverse(view_name, 
args=args, kwargs=kwargs, 
current_app=current_app)
          ^^^^^^^^^^^^^^^^
^^^^^^^^^^^^^^^^^^^^^^^^^^
^^^^^^^^^^^^^^^^^^^^^^^^^^
^
  File "D:\Projects\Python
\CryptoText\.venv\Lib\site
-packages\django\urls\base
.py", line 98, in reverse
    resolved_url = resolve
r._reverse_with_prefix(vie
w, prefix, *args, 
**kwargs)
                   ^^^^^^^
^^^^^^^^^^^^^^^^^^^^^^^^^^
^^^^^^^^^^^^^^^^^^^^^^^^^^
^
  File "D:\Projects\Python
\CryptoText\.venv\Lib\site
-packages\django\urls\reso
lvers.py", line 831, in 
_reverse_with_prefix
    raise 
NoReverseMatch(msg)
django.urls.exceptions.NoR
everseMatch: Reverse for 
'history' not found. 
'history' is not a valid 
view function or pattern 
name.

--------------------------
--------------------------
------------------
Ran 17 tests in 7.530s

FAILED (errors=1)
Destroying test database 
for alias 'default'...

Found 17 test(s).

>>> DECRYPT POST HIT <<<

==================================================
DEBUG: DECRYPTION LINK GENERATED
URL: http://testserver/verify-decryption/859f5abb-55db-4caf-a5a6-cc0f6bd0b20e/
==================================================

